[0527/232501.580:INFO:CONSOLE:1] "%c [object HTMLImageElement]", source: https://www.douyin.com/video/7642989080074030390?previous_page=web_code_link (1)
[0527/232501.967:INFO:CONSOLE:0] "The Content Security Policy directive 'upgrade-insecure-requests' is ignored when delivered in a report-only policy.", source: https://www.douyin.com/video/7642989080074030390?previous_page=web_code_link (0)
[0527/232501.972:INFO:CONSOLE:22] "init slardar", source: https://www.douyin.com/video/7642989080074030390?previous_page=web_code_link (22)
[0527/232501.972:INFO:CONSOLE:102] "init slardar success", source: https://www.douyin.com/video/7642989080074030390?previous_page=web_code_link (102)
[0527/232502.374:INFO:CONSOLE:1] "[SDK] 1779895502375        0 already inited", source: https://lf3-short.ibytedapm.com/slardar/fe/sdk-web/browser.cn.js?bid=douyin_web&globalName=Slardar (1)
[0527/232502.557:INFO:CONSOLE:949] "Service worker registration success", source: https://www.douyin.com/video/7642989080074030390?previous_page=web_code_link (949)
[0527/232502.570:INFO:CONSOLE:0] "The Content Security Policy directive 'upgrade-insecure-requests' is ignored when delivered in a report-only policy.", source: https://www.douyin.com/video/7642989080074030390 (0)
[0527/232502.570:INFO:CONSOLE:0] "The Content Security Policy directive 'upgrade-insecure-requests' is ignored when delivered in a report-only policy.", source: https://www.douyin.com/video/7642989080074030390 (0)
[0527/232502.971:INFO:CONSOLE:2] "The Content Security Policy directive 'upgrade-insecure-requests' is ignored when delivered in a report-only policy.", source: https://lf-douyin-pc-web.douyinstatic.com/obj/douyin-pc-web/ies/douyin_web/async/5498.ee242fbb.js (2)
[0527/232503.139:INFO:CONSOLE:0] "[.WebGL-0x12e4072f5200]GL Driver Message (OpenGL, Performance, GL_CLOSE_PATH_NV, High): GPU stall due to ReadPixels", source: https://www.douyin.com/video/7642989080074030390 (0)
[0527/232503.543:INFO:CONSOLE:2] "%c[xgplayer] color: #525252; background-color: yellow;  warn>>icons.[object Object] in config of plugin named [texttrack] is invalid", source: https://lf-douyin-pc-web.douyinstatic.com/obj/douyin-pc-web/ies/douyin_web/17729.d6181b27.js (2)
[0527/232503.544:INFO:CONSOLE:2] "%c[xgplayer] color: #525252; background-color: yellow;  warn>>icons.[object Object] in config of plugin named [texttrack] is invalid", source: https://lf-douyin-pc-web.douyinstatic.com/obj/douyin-pc-web/ies/douyin_web/17729.d6181b27.js (2)
[0527/232504.511:INFO:CONSOLE:4] "[ Federation Runtime ] Version 18.3.0-canary-587ae49d7-20230720 from @demo/douyin-web of shared singleton module react does not satisfy the requirement of @revenue-wallet-fe/recharge-web which needs ^18.3.1)", source: https://lf3-webcast.bytetos.com/obj/webcast-new/recharge_web_vmok/vmok-remote-entry.9a192be8.js (4)
[0527/232504.511:INFO:CONSOLE:4] "[ Federation Runtime ] Version 18.3.0-canary-587ae49d7-20230720 from @demo/douyin-web of shared singleton module react-dom does not satisfy the requirement of @revenue-wallet-fe/recharge-web which needs ^18.3.1)", source: https://lf3-webcast.bytetos.com/obj/webcast-new/recharge_web_vmok/vmok-remote-entry.9a192be8.js (4)
[0527/232504.512:INFO:CONSOLE:2] "Cannot assign to read only property 'call' of object '#<Object>'", source: https://lf3-webcast.bytetos.com/obj/webcast-new/recharge_web_vmok/static/js/async/__federation_expose_data.783d5811.js (2)
[0527/232504.513:INFO:CONSOLE:2] "getRechargePackages requestParams [object Object]", source: https://lf3-webcast.bytetos.com/obj/webcast-new/recharge_web_vmok/static/js/async/__federation_expose_data.783d5811.js (2)
[0527/232504.657:INFO:CONSOLE:0] "The Content Security Policy directive 'upgrade-insecure-requests' is ignored when delivered in a report-only policy.", source: https://www.douyin.com/video/7642989080074030390 (0)
[0527/232504.744:INFO:CONSOLE:2] "[prefetch] packageData [local]:  [object Object]", source: https://lf3-webcast.bytetos.com/obj/webcast-new/recharge_web_vmok/static/js/async/__federation_expose_data.783d5811.js (2)
[0527/232504.782:INFO:CONSOLE:1] "eventName is null， please check", source: https://lf-static.applogcdn.com/obj/applog-sdk-static/log-sdk/collect/5/collect.dy.js (1)
[0527/232504.806:INFO:CONSOLE:0] "The Content Security Policy directive 'upgrade-insecure-requests' is ignored when delivered in a report-only policy.", source: https://www.douyin.com/video/7642989080074030390 (0)
[0527/232504.806:INFO:CONSOLE:0] "The Content Security Policy directive 'upgrade-insecure-requests' is ignored when delivered in a report-only policy.", source: https://www.douyin.com/video/7642989080074030390 (0)
[0527/232504.839:INFO:CONSOLE:0] "The Content Security Policy directive 'upgrade-insecure-requests' is ignored when delivered in a report-only policy.", source: https://www.douyin.com/video/7642989080074030390 (0)
[0527/232504.867:INFO:CONSOLE:1] "[Warning!UnredirectedLogger!!]#I[mammon]1.0.0-default[mammon_business_ttplayer_open] effect name is online_loudnorm", source: https://lf-douyin-pc-web.douyinstatic.com/obj/douyin-pc-web/mammon-worklet-processor.min.js (1)
[0527/232504.867:INFO:CONSOLE:1] "[Warning!UnredirectedLogger!!]#I[mammon]1.0.0-defaultOnline normalization", source: https://lf-douyin-pc-web.douyinstatic.com/obj/douyin-pc-web/mammon-worklet-processor.min.js (1)
[0527/232504.867:INFO:CONSOLE:1] "[Warning!UnredirectedLogger!!]#I[mammon]1.0.0-defaultCLimiter/SetPreGaindB 0, 1", source: https://lf-douyin-pc-web.douyinstatic.com/obj/douyin-pc-web/mammon-worklet-processor.min.js (1)
[0527/232504.867:INFO:CONSOLE:1] "[Warning!UnredirectedLogger!!]#I[mammon]1.0.0-defaultCLimiter/SetGate 0.891251", source: https://lf-douyin-pc-web.douyinstatic.com/obj/douyin-pc-web/mammon-worklet-processor.min.js (1)
[0527/232505.735:INFO:CONSOLE:2] "The Content Security Policy directive 'upgrade-insecure-requests' is ignored when delivered in a report-only policy.", source: https://lf-douyin-pc-web.douyinstatic.com/obj/douyin-pc-web/ies/douyin_web/8708.7c8663ca.js (2)
[0527/232505.736:INFO:CONSOLE:2] "The Content Security Policy directive 'upgrade-insecure-requests' is ignored when delivered in a report-only policy.", source: https://lf-douyin-pc-web.douyinstatic.com/obj/douyin-pc-web/ies/douyin_web/8708.7c8663ca.js (2)
[0527/232505.738:INFO:CONSOLE:2] "The Content Security Policy directive 'upgrade-insecure-requests' is ignored when delivered in a report-only policy.", source: https://lf-douyin-pc-web.douyinstatic.com/obj/douyin-pc-web/ies/douyin_web/8708.7c8663ca.js (2)
[0527/232505.941:INFO:CONSOLE:0] "[.WebGL-0x12e4072f4600]GL Driver Message (OpenGL, Performance, GL_CLOSE_PATH_NV, High): GPU stall due to ReadPixels", source: https://www.douyin.com/video/7642989080074030390 (0)
[0527/232508.321:INFO:CONSOLE:2] "The Content Security Policy directive 'upgrade-insecure-requests' is ignored when delivered in a report-only policy.", source: https://lf-douyin-pc-web.douyinstatic.com/obj/douyin-pc-web/ies/douyin_web/async/81708.2d357fed.js (2)
[0527/232508.528:INFO:CONSOLE:2] "The Content Security Policy directive 'upgrade-insecure-requests' is ignored when delivered in a report-only policy.", source: https://lf-douyin-pc-web.douyinstatic.com/obj/douyin-pc-web/ies/douyin_web/async/81708.2d357fed.js (2)
[0527/232508.528:INFO:CONSOLE:2] "The Content Security Policy directive 'upgrade-insecure-requests' is ignored when delivered in a report-only policy.", source: https://lf-douyin-pc-web.douyinstatic.com/obj/douyin-pc-web/ies/douyin_web/async/81708.2d357fed.js (2)
[0527/232508.530:INFO:CONSOLE:2] "The Content Security Policy directive 'upgrade-insecure-requests' is ignored when delivered in a report-only policy.", source: https://lf-douyin-pc-web.douyinstatic.com/obj/douyin-pc-web/ies/douyin_web/async/81708.2d357fed.js (2)
[0527/232508.595:INFO:CONSOLE:0] "[.WebGL-0x12e406fcd200]GL Driver Message (OpenGL, Performance, GL_CLOSE_PATH_NV, High): GPU stall due to ReadPixels", source: https://www.douyin.com/video/7642989080074030390 (0)
[0527/232508.739:INFO:CONSOLE:3] "The Content Security Policy directive 'upgrade-insecure-requests' is ignored when delivered in a report-only policy.", source:  (3)
[0527/232508.739:INFO:CONSOLE:3] "The Content Security Policy directive 'upgrade-insecure-requests' is ignored when delivered in a report-only policy.", source:  (3)
[0527/232508.741:INFO:CONSOLE:3] "The Content Security Policy directive 'upgrade-insecure-requests' is ignored when delivered in a report-only policy.", source:  (3)
[0527/232508.828:INFO:CONSOLE:0] "[.WebGL-0x12e4072f6a00]GL Driver Message (OpenGL, Performance, GL_CLOSE_PATH_NV, High): GPU stall due to ReadPixels (this message will no longer repeat)", source: https://www.douyin.com/video/7642989080074030390 (0)
[0527/232508.829:INFO:CONSOLE:3] "[c0]", source:  (3)
[0527/232517.956:INFO:CONSOLE:0] "The resource https://lf3-social.iesdouyin.com/obj/douyin-social-cdn/pcim/static/js/async/647.eaa4b533.js was preloaded using link preload but not used within a few seconds from the window's load event. Please make sure it has an appropriate `as` value and it is preloaded intentionally.", source: https://www.douyin.com/video/7642989080074030390 (0)
[0527/232517.956:INFO:CONSOLE:0] "The resource https://lf3-social.iesdouyin.com/obj/douyin-social-cdn/pcim/static/js/async/8832.9de3f7a5.js was preloaded using link preload but not used within a few seconds from the window's load event. Please make sure it has an appropriate `as` value and it is preloaded intentionally.", source: https://www.douyin.com/video/7642989080074030390 (0)
[0527/232517.956:INFO:CONSOLE:0] "The resource https://lf3-social.iesdouyin.com/obj/douyin-social-cdn/pcim/static/js/async/387.d9c702ea.js was preloaded using link preload but not used within a few seconds from the window's load event. Please make sure it has an appropriate `as` value and it is preloaded intentionally.", source: https://www.douyin.com/video/7642989080074030390 (0)
[0527/232517.956:INFO:CONSOLE:0] "The resource https://lf3-social.iesdouyin.com/obj/douyin-social-cdn/pcim/static/js/lib-polyfill.bbf56a3e.js was preloaded using link preload but not used within a few seconds from the window's load event. Please make sure it has an appropriate `as` value and it is preloaded intentionally.", source: https://www.douyin.com/video/7642989080074030390 (0)
[0527/232517.956:INFO:CONSOLE:0] "The resource https://lf3-social.iesdouyin.com/obj/douyin-social-cdn/pcim/static/js/async/lib-axios.76b0a83d.js was preloaded using link preload but not used within a few seconds from the window's load event. Please make sure it has an appropriate `as` value and it is preloaded intentionally.", source: https://www.douyin.com/video/7642989080074030390 (0)
[0527/232517.956:INFO:CONSOLE:0] "The resource https://lf3-social.iesdouyin.com/obj/douyin-social-cdn/pcim/static/css/async/__federation_expose_default_export.bb118ee9.css was preloaded using link preload but not used within a few seconds from the window's load event. Please make sure it has an appropriate `as` value and it is preloaded intentionally.", source: https://www.douyin.com/video/7642989080074030390 (0)
[0527/232517.956:INFO:CONSOLE:0] "The resource https://lf3-social.iesdouyin.com/obj/douyin-social-cdn/pcim/static/js/async/__federation_expose_default_export.39739f89.js was preloaded using link preload but not used within a few seconds from the window's load event. Please make sure it has an appropriate `as` value and it is preloaded intentionally.", source: https://www.douyin.com/video/7642989080074030390 (0)
[0527/232517.956:INFO:CONSOLE:0] "The resource https://lf3-social.iesdouyin.com/obj/douyin-social-cdn/pcim/static/js/async/6387.85b28eb8.js was preloaded using link preload but not used within a few seconds from the window's load event. Please make sure it has an appropriate `as` value and it is preloaded intentionally.", source: https://www.douyin.com/video/7642989080074030390 (0)
[0527/232517.956:INFO:CONSOLE:0] "The resource https://lf3-social.iesdouyin.com/obj/douyin-social-cdn/pcim/static/js/async/2997.17c53018.js was preloaded using link preload but not used within a few seconds from the window's load event. Please make sure it has an appropriate `as` value and it is preloaded intentionally.", source: https://www.douyin.com/video/7642989080074030390 (0)
[0527/232524.169:INFO:CONSOLE:0] "The resource https://lf3-social.iesdouyin.com/obj/douyin-social-cdn/pcim/static/js/async/647.eaa4b533.js was preloaded using link preload but not used within a few seconds from the window's load event. Please make sure it has an appropriate `as` value and it is preloaded intentionally.", source: https://www.douyin.com/video/7642989080074030390 (0)
[0527/232524.169:INFO:CONSOLE:0] "The resource https://lf3-social.iesdouyin.com/obj/douyin-social-cdn/pcim/static/js/async/8832.9de3f7a5.js was preloaded using link preload but not used within a few seconds from the window's load event. Please make sure it has an appropriate `as` value and it is preloaded intentionally.", source: https://www.douyin.com/video/7642989080074030390 (0)
[0527/232524.169:INFO:CONSOLE:0] "The resource https://lf3-social.iesdouyin.com/obj/douyin-social-cdn/pcim/static/js/async/387.d9c702ea.js was preloaded using link preload but not used within a few seconds from the window's load event. Please make sure it has an appropriate `as` value and it is preloaded intentionally.", source: https://www.douyin.com/video/7642989080074030390 (0)
[0527/232524.169:INFO:CONSOLE:0] "The resource https://lf3-social.iesdouyin.com/obj/douyin-social-cdn/pcim/static/js/lib-polyfill.bbf56a3e.js was preloaded using link preload but not used within a few seconds from the window's load event. Please make sure it has an appropriate `as` value and it is preloaded intentionally.", source: https://www.douyin.com/video/7642989080074030390 (0)
[0527/232524.169:INFO:CONSOLE:0] "The resource https://lf3-social.iesdouyin.com/obj/douyin-social-cdn/pcim/static/js/async/lib-axios.76b0a83d.js was preloaded using link preload but not used within a few seconds from the window's load event. Please make sure it has an appropriate `as` value and it is preloaded intentionally.", source: https://www.douyin.com/video/7642989080074030390 (0)
[0527/232524.169:INFO:CONSOLE:0] "The resource https://lf3-social.iesdouyin.com/obj/douyin-social-cdn/pcim/static/css/async/__federation_expose_default_export.bb118ee9.css was preloaded using link preload but not used within a few seconds from the window's load event. Please make sure it has an appropriate `as` value and it is preloaded intentionally.", source: https://www.douyin.com/video/7642989080074030390 (0)
[0527/232524.169:INFO:CONSOLE:0] "The resource https://lf3-social.iesdouyin.com/obj/douyin-social-cdn/pcim/static/js/async/__federation_expose_default_export.39739f89.js was preloaded using link preload but not used within a few seconds from the window's load event. Please make sure it has an appropriate `as` value and it is preloaded intentionally.", source: https://www.douyin.com/video/7642989080074030390 (0)
[0527/232524.169:INFO:CONSOLE:0] "The resource https://lf3-social.iesdouyin.com/obj/douyin-social-cdn/pcim/static/js/async/6387.85b28eb8.js was preloaded using link preload but not used within a few seconds from the window's load event. Please make sure it has an appropriate `as` value and it is preloaded intentionally.", source: https://www.douyin.com/video/7642989080074030390 (0)
[0527/232524.169:INFO:CONSOLE:0] "The resource https://lf3-social.iesdouyin.com/obj/douyin-social-cdn/pcim/static/js/async/2997.17c53018.js was preloaded using link preload but not used within a few seconds from the window's load event. Please make sure it has an appropriate `as` value and it is preloaded intentionally.", source: https://www.douyin.com/video/7642989080074030390 (0)
